23:28:37.778 Process path: C:\baidunetdiskdownload\zhongguo2lianhe\zhongguo2lianhe\China2EX.exe
23:28:37.778 Loading DDrawCompat statically from C:\baidunetdiskdownload\zhongguo2lianhe\zhongguo2lianhe\DDRAW.dll
23:28:37.778 DDrawCompat version: v0.7.1
23:28:37.778 Windows version: 10.0.26200
23:28:37.778 Environment variable __COMPAT_LAYER = "DWM8And16BitMitigation"
23:28:37.778 Loading global config file: C:\ProgramData\DDrawCompat\DDrawCompat.ini
23:28:37.778   File not found, skipping
23:28:37.778 Loading user config file: C:\Users\jinho\AppData\Local\DDrawCompat\DDrawCompat.ini
23:28:37.778   File not found, skipping
23:28:37.778 Loading directory config file: C:\baidunetdiskdownload\zhongguo2lianhe\zhongguo2lianhe\DDrawCompat.ini
23:28:37.778 Loading process config file: C:\baidunetdiskdownload\zhongguo2lianhe\zhongguo2lianhe\DDrawCompat-China2EX.ini
23:28:37.778   File not found, skipping
23:28:37.778 Loading overlay config file: C:\baidunetdiskdownload\zhongguo2lianhe\zhongguo2lianhe\DDrawCompatOverlay-China2EX.ini
23:28:37.778   File not found, skipping
23:28:37.778 Final configuration:
23:28:37.778   [directory] AltTabFix               = keepvidmem(1)
23:28:37.778   [default  ] AlternatePixelCenter    = off
23:28:37.778   [default  ] Antialiasing            = off
23:28:37.778   [default  ] BltFilter               = point
23:28:37.778   [default  ] CapsPatches             = none
23:28:37.778   [default  ] ColorKeyMethod          = alphatest(1)
23:28:37.778   [directory] CompatFixes             = singlemonitor
23:28:37.778   [default  ] ConfigHotKey            = shift+f11
23:28:37.778   [default  ] ConfigRows              = allrw, allro
23:28:37.778   [default  ] ConfigTransparency      = alpha(90)
23:28:37.778   [default  ] CpuAffinity             = 1
23:28:37.778   [default  ] CpuAffinityRotation     = on
23:28:37.778   [default  ] CrashDump               = off
23:28:37.778   [default  ] DepthFormat             = app
23:28:37.778   [default  ] DesktopColorDepth       = initial
23:28:37.778   [default  ] DesktopResolution       = desktop
23:28:37.778   [directory] DisplayAspectRatio      = app
23:28:37.778   [directory] DisplayFilter           = bilinear(0)
23:28:37.778   [default  ] DisplayRefreshRate      = app
23:28:37.778   [directory] DisplayResolution       = desktop
23:28:37.778   [default  ] DpiAwareness            = permonitor
23:28:37.778   [default  ] EnableDDrawCompat       = on
23:28:37.778   [default  ] FontAntialiasing        = app
23:28:37.778   [default  ] ForceD3D9On12           = off
23:28:37.778   [default  ] FpsLimiter              = off
23:28:37.778   [directory] FullscreenMode          = borderless
23:28:37.778   [default  ] GdiInterops             = all
23:28:37.778   [directory] LogLevel                = info
23:28:37.778   [default  ] MousePollingRate        = native
23:28:37.778   [default  ] MouseSensitivity        = desktop(100)
23:28:37.778   [default  ] PalettizedTextures      = off
23:28:37.778   [default  ] PresentDelay            = on(10)
23:28:37.778   [default  ] RenderColorDepth        = 32
23:28:37.778   [default  ] ResolutionScale         = app(1)
23:28:37.778   [default  ] ResolutionScaleFilter   = point
23:28:37.778   [default  ] SoftwareDevice          = rgb
23:28:37.778   [default  ] SpriteAltPixelCenter    = apc
23:28:37.778   [default  ] SpriteDetection         = off
23:28:37.778   [default  ] SpriteFilter            = app
23:28:37.778   [default  ] SpriteTexCoord          = app
23:28:37.778   [default  ] StatsAggregateTime      = 3
23:28:37.778   [default  ] StatsColumns            = label, cur, avg, min, max
23:28:37.778   [default  ] StatsHotKey             = shift+f12
23:28:37.778   [default  ] StatsPosX               = right
23:28:37.778   [default  ] StatsPosY               = top
23:28:37.778   [default  ] StatsRows               = label, presentrate, fliprate, blitcount, lockcount
23:28:37.778   [default  ] StatsTransparency       = alpha(75)
23:28:37.778   [default  ] StatsUpdateRate         = 5
23:28:37.778   [default  ] SupportedDepthFormats   = all
23:28:37.778   [default  ] SupportedDevices        = all
23:28:37.778   [default  ] SupportedRefreshRates   = native
23:28:37.778   [default  ] SupportedResolutions    = native, 640x480, 800x600, 1024x768
23:28:37.778   [default  ] SupportedTextureFormats = all
23:28:37.778   [default  ] SurfacePatches          = none
23:28:37.778   [default  ] TerminateHotKey         = ctrl+alt+end
23:28:37.778   [default  ] TextureFilter           = app
23:28:37.778   [default  ] ThreadPriorityBoost     = off
23:28:37.778   [default  ] VSync                   = app
23:28:37.778   [default  ] VertexBufferMemoryType  = sysmem
23:28:37.778   [default  ] VertexFixup             = gpu
23:28:37.778   [default  ] ViewportEdgeFix         = off
23:28:37.778   [default  ] WinVersionLie           = off
23:28:37.785 Initial DPI awareness: unaware
23:28:37.785 DPI awareness was successfully changed to "permonitor" via SetProcessDpiAwarenessContext
23:28:37.785 Primary CPU group number: 0
23:28:37.785 Physical to logical CPU core mapping for efficiency class 1:
23:28:37.785   Physical core #1: 1, 2
23:28:37.785   Physical core #2: 3, 4
23:28:37.785   Physical core #3: 5, 6
23:28:37.785   Physical core #4: 7, 8
23:28:37.785   Physical core #5: 9, 10
23:28:37.785   Physical core #6: 11, 12
23:28:37.785   Physical core #7: 13, 14
23:28:37.785   Physical core #8: 15, 16
23:28:37.785 Physical to logical CPU core mapping for efficiency class 0:
23:28:37.785   Physical core #1: 17
23:28:37.785   Physical core #2: 18
23:28:37.785   Physical core #3: 19
23:28:37.785   Physical core #4: 20
23:28:37.785   Physical core #5: 21
23:28:37.785   Physical core #6: 22
23:28:37.785   Physical core #7: 23
23:28:37.785   Physical core #8: 24
23:28:37.785   Physical core #9: 25
23:28:37.785   Physical core #10: 26
23:28:37.785   Physical core #11: 27
23:28:37.785   Physical core #12: 28
23:28:37.785   Physical core #13: 29
23:28:37.785   Physical core #14: 30
23:28:37.785   Physical core #15: 31
23:28:37.785   Physical core #16: 32
23:28:37.785 Process priority class: 32
23:28:37.785 Current CPU affinity: 1, 2, 3, 4, 5, 6, 7, 8, 9, 10, 11, 12, 13, 14, 15, 16, 17, 18, 19, 20, 21, 22, 23, 24, 25, 26, 27, 28, 29, 30, 31, 32
23:28:37.785 Applying configured CPU affinity: 1
23:28:37.785 CPU affinity rotation is enabled
23:28:37.830 DDrawCompat loaded successfully
23:28:37.870 Installing display mode hooks
23:28:37.870 Initial display mode: 2560x1440, 32 bpp, 60 Hz
23:28:37.877 Installing registry hooks
23:28:37.877 Installing Direct3D driver hooks
23:28:37.972 Hooking user mode display driver: C:\WINDOWS\System32\DriverStore\FileRepository\iigd_dch.inf_amd64_33d3d852f84faac5\igdumdim32.dll+0xfae40
23:28:37.972 Driver version: 32.0.101.5972
23:28:37.972 Adapter name: Intel(R) RaptorLake-S Mobile Graphics Controller
23:28:37.972 Supported resource formats:
23:28:37.973   {D3DDDIFMT_X8R8G8B8,0xdaec1f,0x8b,0x8b,0}
23:28:37.973   {D3DDDIFMT_R5G6B5,0xca6c1f,0x8b,0x8b,0}
23:28:37.973   {D3DDDIFMT_A8R8G8B8,0xdae01f,0x8b,0x8b,0}
23:28:37.973   {D3DDDIFMT_A8B8G8R8,0xdae01f,0x8b,0x8b,0}
23:28:37.973   {D3DDDIFMT_A1R5G5B5,0xca601f,0x8b,0x8b,0}
23:28:37.973   {D3DDDIFMT_X1R5G5B5,0xca601f,0x8b,0x8b,0}
23:28:37.973   {D3DDDIFMT_A4R4G4B4,0xc2401f,0x8b,0x8b,0}
23:28:37.973   {D3DDDIFMT_A16B16G16R16,0xca601f,0x8b,0x8b,0}
23:28:37.973   {D3DDDIFMT_G16R16,0xc2401f,0x8b,0x8b,0}
23:28:37.973   {D3DDDIFMT_A2B10G10R10,0xca601f,0x8b,0x8b,0}
23:28:37.973   {D3DDDIFMT_A2R10G10B10,0xca6c1f,0x8b,0x8b,0}
23:28:37.973   {D3DDDIFMT_A16B16G16R16F,0x8a601f,0x8b,0x8b,0}
23:28:37.973   {D3DDDIFMT_R16F,0xc2401f,0x8b,0x8b,0}
23:28:37.973   {D3DDDIFMT_G16R16F,0xe2401f,0x8b,0x8b,0}
23:28:37.973   {D3DDDIFMT_R32F,0xe2401f,0x8b,0x8b,0}
23:28:37.973   {D3DDDIFMT_G32R32F,0xe2401f,0x0,0x0,0}
23:28:37.973   {D3DDDIFMT_A32B32G32R32F,0xe2401f,0x0,0x0,0}
23:28:37.973   {D3DDDIFMT_V8U8,0x830007,0x8b,0x8b,0}
23:28:37.973   {D3DDDIFMT_Q8W8V8U8,0x830007,0x8b,0x8b,0}
23:28:37.973   {D3DDDIFMT_V16U16,0x830007,0x8b,0x8b,0}
23:28:37.973   {D3DDDIFMT_Q16W16V16U16,0xc30007,0x8b,0x8b,0}
23:28:37.973   {D3DDDIFMT_L8,0x82401f,0x8b,0x8b,0}
23:28:37.973   {D3DDDIFMT_L16,0x82401f,0x8b,0x8b,0}
23:28:37.973   {D3DDDIFMT_A8,0xc2401f,0x8b,0x8b,0}
23:28:37.973   {D3DDDIFMT_A8L8,0x800007,0x8b,0x8b,0}
23:28:37.973   {FOURCC(DXT1),0x828007,0x0,0x0,0}
23:28:37.973   {FOURCC(DXT2),0x828007,0x0,0x0,0}
23:28:37.973   {FOURCC(DXT3),0x828007,0x0,0x0,0}
23:28:37.973   {FOURCC(DXT4),0x828007,0x0,0x0,0}
23:28:37.973   {FOURCC(DXT5),0x828007,0x0,0x0,0}
23:28:37.973   {FOURCC(ATI1),0x829007,0x0,0x0,8}
23:28:37.973   {FOURCC(ATI2),0x829007,0x0,0x0,8}
23:28:37.973   {D3DDDIFMT_D24S8,0x8200c7,0x8b,0x8b,0}
23:28:37.973   {D3DDDIFMT_D24FS8,0x8200c7,0x8b,0x8b,0}
23:28:37.973   {D3DDDIFMT_X8D24,0x8200c7,0x8b,0x8b,0}
23:28:37.973   {D3DDDIFMT_D24X8,0x8200c7,0x8b,0x8b,0}
23:28:37.973   {D3DDDIFMT_D16,0x8200c7,0x8b,0x8b,0}
23:28:37.973   {FOURCC(AYUV),0x827001,0x0,0x0,32}
23:28:37.973   {FOURCC(UYVY),0x27001,0x0,0x0,16}
23:28:37.973   {FOURCC(YUY2),0x27001,0x0,0x0,16}
23:28:37.973   {FOURCC(NV12),0x827001,0x0,0x0,16}
23:28:37.973   {FOURCC(P010),0x827001,0x0,0x0,32}
23:28:37.973   {FOURCC(P016),0x827001,0x0,0x0,32}
23:28:37.973   {FOURCC(INTZ),0x8200c7,0x8b,0x8b,0}
23:28:37.973   {FOURCC(DF16),0x8200c7,0x8b,0x8b,0}
23:28:37.973   {FOURCC(DF24),0x8200c7,0x8b,0x8b,0}
23:28:37.973   {FOURCC(NULL),0x83401f,0x8b,0x8b,0}
23:28:37.973   {FOURCC(RESZ),0x0,0x0,0x0,0}
23:28:37.973   {FOURCC(ATOC),0x4000,0x0,0x0,0}
23:28:37.973 Supported z-buffer bit depths: 16, 24
23:28:37.973 Supported MSAA modes: msaa(4), msaa2x(0), msaa4x(0), msaa8x(0)
23:28:38.003 Installing DirectDraw hooks
23:28:38.015 Installing Direct3D hooks
23:28:38.019 Installing GDI hooks
23:28:38.026 Finished installing hooks
23:28:38.050 Using resource format: D3DDDIFMT_X8R8G8B8, primary, anymem -> vidmem
23:28:41.272 Using resource format: D3DDDIFMT_X8R8G8B8, primary, vidmem
23:28:41.274 Using resource format: D3DDDIFMT_X8R8G8B8, plain, sysmem
23:28:42.816 WARNING: Multiple primary surfaces are not supported
23:28:42.881 Using resource format: D3DDDIFMT_X8R8G8B8, overlay, vidmem (FAILED: 0x88760104)
23:28:42.882 Using resource format: D3DDDIFMT_X8R8G8B8, plain, vidmem
23:28:45.358 ERROR: Failed to create the real primary surface: 0x88760234
23:28:45.358 Using resource format: D3DDDIFMT_R5G6B5, primary, vidmem (FAILED: 0x88760234)
23:28:45.579 DDrawCompat detached successfully
